// Jest Snapshot v1, https://goo.gl/fbAQLP

exports[`display node information should handle node not found error 1`] = `
<DocumentFragment>
  <div
    class="ant-alert ant-alert-warning ant-alert-no-icon"
    data-show="true"
    data-testid="no-node-info"
    role="alert"
  >
    <div
      class="ant-alert-content"
    >
      <div
        class="ant-alert-message"
      >
        No node details available
      </div>
      <div
        class="ant-alert-description"
      />
    </div>
  </div>
</DocumentFragment>
`;
